
> frontend@0.0.0 test
> vitest TourCard.test.tsx --run


[1m[46m RUN [49m[22m [36mv4.1.0 [39m[90mD:/9tours/frontend[39m

 [31m❯[39m src/components/TourCard.test.tsx [2m([22m[2m0 test[22m[2m)[22m

[31m⎯⎯⎯⎯⎯⎯[39m[1m[41m Failed Suites 1 [49m[22m[31m⎯⎯⎯⎯⎯⎯⎯[39m

[41m[1m FAIL [22m[49m src/components/TourCard.test.tsx[2m [ src/components/TourCard.test.tsx ][22m
[31m[1mError[22m: Cannot find module '@testing-library/dom'
Require stack:
- D:\9tours\frontend\node_modules\@testing-library\react\dist\pure.js[39m
[90m [2m❯[22m Object.<anonymous> node_modules/@testing-library/react/dist/pure.js:[2m46:12[22m[39m

[31m[2m⎯⎯⎯⎯⎯⎯⎯⎯⎯⎯⎯⎯⎯⎯⎯⎯⎯⎯⎯⎯⎯⎯⎯⎯[1/1]⎯[22m[39m


[2m Test Files [22m [1m[31m1 failed[39m[22m[90m (1)[39m
[2m      Tests [22m [2mno tests[22m
[2m   Start at [22m 20:06:52
[2m   Duration [22m 1.87s[2m (transform 44ms, setup 151ms, import 0ms, tests 0ms, environment 1.44s)[22m

