src/auth/auth.controller.ts(16,28): error TS2305: Module '"./auth.service"' has no exported member 'GoogleOAuthProfile'.
src/auth/auth.controller.ts(36,28): error TS2339: Property 'rememberMe' does not exist on type '{ access_token: string; refresh_token: string; user: { id: any; email: any; name: any; role: any; phone: any; }; }'.
src/auth/auth.controller.ts(38,7): error TS2554: Expected 1 arguments, but got 2.
src/auth/auth.controller.ts(55,7): error TS2554: Expected 2-3 arguments, but got 4.
src/auth/auth.controller.ts(74,68): error TS2339: Property 'loginWithGoogle' does not exist on type 'AuthService'.
src/auth/auth.controller.ts(88,29): error TS2339: Property 'getAuthenticatedUser' does not exist on type 'AuthService'.
src/auth/auth.controller.ts(99,28): error TS2339: Property 'rememberMe' does not exist on type '{ access_token: string; refresh_token: string; user: { id: any; email: any; name: any; role: any; phone: any; }; }'.
src/auth/auth.controller.ts(101,7): error TS2554: Expected 1 arguments, but got 2.
src/auth/auth.controller.ts(110,28): error TS2339: Property 'logout' does not exist on type 'AuthService'.
src/auth/auth.service.spec.ts(161,76): error TS2554: Expected 3 arguments, but got 4.
src/auth/auth.service.spec.ts(187,24): error TS2339: Property 'profileCompleted' does not exist on type '{ id: any; email: any; name: any; role: any; phone: any; }'.
src/auth/auth.service.spec.ts(209,79): error TS2554: Expected 2-3 arguments, but got 4.
src/auth/auth.service.spec.ts(241,38): error TS2339: Property 'loginWithGoogle' does not exist on type 'AuthService'.
src/auth/auth.service.spec.ts(274,38): error TS2339: Property 'loginWithGoogle' does not exist on type 'AuthService'.
src/auth/auth.service.spec.ts(298,38): error TS2339: Property 'loginWithGoogle' does not exist on type 'AuthService'.
src/auth/auth.service.spec.ts(318,30): error TS2339: Property 'loginWithGoogle' does not exist on type 'AuthService'.
src/auth/auth.service.spec.ts(330,90): error TS2554: Expected 2-3 arguments, but got 4.
src/auth/auth.service.spec.ts(336,79): error TS2554: Expected 1 arguments, but got 2.
src/auth/auth.service.spec.ts(356,23): error TS2339: Property 'logout' does not exist on type 'AuthService'.
src/auth/auth.service.ts(46,60): error TS2345: Argument of type 'string | null' is not assignable to parameter of type 'string'.
  Type 'null' is not assignable to type 'string'.
